// Jest Snapshot v1, https://goo.gl/fbAQLP

exports[`CheckingForm Component Test Suite Should be able to open the check-in Calendar from the checkout Calendar with a click 1`] = `ShallowWrapper {}`;

exports[`CheckingForm Component Test Suite Should render correctly with no props 1`] = `ShallowWrapper {}`;
